~/workspace$ git add .
~/workspace$ git commit -m "Configuración completa: despliegue Autoscale + guías VS Code y GitHub"
On branch main
Your branch and 'origin/main' have diverged,
and have 10 and 1 different commits each, respectively.

nothing to commit, working tree clean
~/workspace$ git push origin main
To https://github.com/joxe22/JoxAI-Bank-Demo
 ! [rejected]        main -> main (non-fast-forward)
error: failed to push some refs to 'https://github.com/joxe22/JoxAI-Bank-Demo'
hint: Updates were rejected because the tip of your current branch is behind
hint: its remote counterpart. If you want to integrate the remote changes,
hint: use 'git pull' before pushing again.
hint: See the 'Note about fast-forwards' in 'git push --help' for details.
~/workspace$ git pull
hint: You have divergent branches and need to specify how to reconcile them.
hint: You can do so by running one of the following commands sometime before
hint: your next pull:
hint:
hint:   git config pull.rebase false  # merge
hint:   git config pull.rebase true   # rebase
hint:   git config pull.ff only       # fast-forward only
hint:
hint: You can replace "git config" with "git config --global" to set a default
hint: preference for all repositories. You can also pass --rebase, --no-rebase,
hint: or --ff-only on the command line to override the configured default per
hint: invocation.
fatal: Need to specify how to reconcile divergent branches.
~/workspace$ git config pull.rebase true
~/workspace$ git push origin main
To https://github.com/joxe22/JoxAI-Bank-Demo
 ! [rejected]        main -> main (non-fast-forward)
error: failed to push some refs to 'https://github.com/joxe22/JoxAI-Bank-Demo'
hint: Updates were rejected because the tip of your current branch is behind
hint: its remote counterpart. If you want to integrate the remote changes,
hint: use 'git pull' before pushing again.
hint: See the 'Note about fast-forwards' in 'git push --help' for details.
~/workspace$ git config pull.ff only 
~/workspace$ git push origin main
To https://github.com/joxe22/JoxAI-Bank-Demo
 ! [rejected]        main -> main (non-fast-forward)
error: failed to push some refs to 'https://github.com/joxe22/JoxAI-Bank-Demo'
hint: Updates were rejected because the tip of your current branch is behind
hint: its remote counterpart. If you want to integrate the remote changes,
hint: use 'git pull' before pushing again.
hint: See the 'Note about fast-forwards' in 'git push --help' for details.
~/workspace$ 